Like a blade of corn, like a honey bee Like the color purple. Where do it come from?
it's groundhog day!!!!!!!
1789